// Jest Snapshot v1, https://goo.gl/fbAQLP

exports[`Dropdown tests should match the snapshot 1`] = `
ShallowWrapper {
  "length": 1,
  Symbol(enzyme.__root__): [Circular],
  Symbol(enzyme.__unrendered__): <Unknown
    coins={
        Array [
            "array",
            "of",
            "coins",
          ]
    }
/>,
  Symbol(enzyme.__renderer__): Object {
    "batchedUpdates": [Function],
    "getNode": [Function],
    "render": [Function],
    "simulateEvent": [Function],
    "unmount": [Function],
  },
  Symbol(enzyme.__node__): Object {
    "instance": null,
    "key": undefined,
    "nodeType": "host",
    "props": Object {
      "children": Array [
        <option>
           
           
</option>,
        <option>
           
           
</option>,
        <option>
           
           
</option>,
      ],
      "className": "dropdown",
    },
    "ref": null,
    "rendered": Array [
      Object {
        "instance": null,
        "key": "Dropdown - 0",
        "nodeType": "host",
        "props": Object {
          "children": Array [
            " ",
            undefined,
            " ",
          ],
        },
        "ref": null,
        "rendered": Array [
          " ",
          undefined,
          " ",
        ],
        "type": "option",
      },
      Object {
        "instance": null,
        "key": "Dropdown - 1",
        "nodeType": "host",
        "props": Object {
          "children": Array [
            " ",
            undefined,
            " ",
          ],
        },
        "ref": null,
        "rendered": Array [
          " ",
          undefined,
          " ",
        ],
        "type": "option",
      },
      Object {
        "instance": null,
        "key": "Dropdown - 2",
        "nodeType": "host",
        "props": Object {
          "children": Array [
            " ",
            undefined,
            " ",
          ],
        },
        "ref": null,
        "rendered": Array [
          " ",
          undefined,
          " ",
        ],
        "type": "option",
      },
    ],
    "type": "select",
  },
  Symbol(enzyme.__nodes__): Array [
    Object {
      "instance": null,
      "key": undefined,
      "nodeType": "host",
      "props": Object {
        "children": Array [
          <option>
             
             
</option>,
          <option>
             
             
</option>,
          <option>
             
             
</option>,
        ],
        "className": "dropdown",
      },
      "ref": null,
      "rendered": Array [
        Object {
          "instance": null,
          "key": "Dropdown - 0",
          "nodeType": "host",
          "props": Object {
            "children": Array [
              " ",
              undefined,
              " ",
            ],
          },
          "ref": null,
          "rendered": Array [
            " ",
            undefined,
            " ",
          ],
          "type": "option",
        },
        Object {
          "instance": null,
          "key": "Dropdown - 1",
          "nodeType": "host",
          "props": Object {
            "children": Array [
              " ",
              undefined,
              " ",
            ],
          },
          "ref": null,
          "rendered": Array [
            " ",
            undefined,
            " ",
          ],
          "type": "option",
        },
        Object {
          "instance": null,
          "key": "Dropdown - 2",
          "nodeType": "host",
          "props": Object {
            "children": Array [
              " ",
              undefined,
              " ",
            ],
          },
          "ref": null,
          "rendered": Array [
            " ",
            undefined,
            " ",
          ],
          "type": "option",
        },
      ],
      "type": "select",
    },
  ],
  Symbol(enzyme.__options__): Object {
    "adapter": ReactSixteenAdapter {
      "options": Object {
        "enableComponentDidUpdateOnSetState": true,
      },
    },
  },
}
`;
